Archive member included to satisfy reference by file (symbol)

/usr/lib/gcc/riscv64-elf/14.1.0/rv32im/ilp32/libgcc.a(_udivdi3.o)
                              llama_embedded.o (__udivdi3)
/usr/lib/gcc/riscv64-elf/14.1.0/rv32im/ilp32/libgcc.a(_umoddi3.o)
                              libc/time.o (__umoddi3)
/usr/lib/gcc/riscv64-elf/14.1.0/rv32im/ilp32/libgcc.a(adddf3.o)
                              libc/stdlib.o (__adddf3)
/usr/lib/gcc/riscv64-elf/14.1.0/rv32im/ilp32/libgcc.a(divdf3.o)
                              libc/stdlib.o (__divdf3)
/usr/lib/gcc/riscv64-elf/14.1.0/rv32im/ilp32/libgcc.a(eqdf2.o)
                              libc/math.o (__eqdf2)
/usr/lib/gcc/riscv64-elf/14.1.0/rv32im/ilp32/libgcc.a(ledf2.o)
                              libc/math.o (__ltdf2)
/usr/lib/gcc/riscv64-elf/14.1.0/rv32im/ilp32/libgcc.a(muldf3.o)
                              libc/stdlib.o (__muldf3)
/usr/lib/gcc/riscv64-elf/14.1.0/rv32im/ilp32/libgcc.a(fixdfsi.o)
                              libc/math.o (__fixdfsi)
/usr/lib/gcc/riscv64-elf/14.1.0/rv32im/ilp32/libgcc.a(floatsidf.o)
                              libc/stdlib.o (__floatsidf)
/usr/lib/gcc/riscv64-elf/14.1.0/rv32im/ilp32/libgcc.a(addsf3.o)
                              llama_embedded.o (__addsf3)
/usr/lib/gcc/riscv64-elf/14.1.0/rv32im/ilp32/libgcc.a(divsf3.o)
                              llama_embedded.o (__divsf3)
/usr/lib/gcc/riscv64-elf/14.1.0/rv32im/ilp32/libgcc.a(eqsf2.o)
                              llama_embedded.o (__eqsf2)
/usr/lib/gcc/riscv64-elf/14.1.0/rv32im/ilp32/libgcc.a(gesf2.o)
                              llama_embedded.o (__gesf2)
/usr/lib/gcc/riscv64-elf/14.1.0/rv32im/ilp32/libgcc.a(lesf2.o)
                              llama_embedded.o (__lesf2)
/usr/lib/gcc/riscv64-elf/14.1.0/rv32im/ilp32/libgcc.a(mulsf3.o)
                              llama_embedded.o (__mulsf3)
/usr/lib/gcc/riscv64-elf/14.1.0/rv32im/ilp32/libgcc.a(subsf3.o)
                              llama_embedded.o (__subsf3)
/usr/lib/gcc/riscv64-elf/14.1.0/rv32im/ilp32/libgcc.a(fixsfsi.o)
                              llama_embedded.o (__fixsfsi)
/usr/lib/gcc/riscv64-elf/14.1.0/rv32im/ilp32/libgcc.a(floatsisf.o)
                              llama_embedded.o (__floatsisf)
/usr/lib/gcc/riscv64-elf/14.1.0/rv32im/ilp32/libgcc.a(floatunsisf.o)
                              llama_embedded.o (__floatunsisf)
/usr/lib/gcc/riscv64-elf/14.1.0/rv32im/ilp32/libgcc.a(floatdisf.o)
                              llama_embedded.o (__floatdisf)
/usr/lib/gcc/riscv64-elf/14.1.0/rv32im/ilp32/libgcc.a(extendsfdf2.o)
                              memtest.o (__extendsfdf2)
/usr/lib/gcc/riscv64-elf/14.1.0/rv32im/ilp32/libgcc.a(truncdfsf2.o)
                              libc/math.o (__truncdfsf2)
/usr/lib/gcc/riscv64-elf/14.1.0/rv32im/ilp32/libgcc.a(_lshrdi3.o)
                              /usr/lib/gcc/riscv64-elf/14.1.0/rv32im/ilp32/libgcc.a(floatdisf.o) (__lshrdi3)
/usr/lib/gcc/riscv64-elf/14.1.0/rv32im/ilp32/libgcc.a(_ashldi3.o)
                              /usr/lib/gcc/riscv64-elf/14.1.0/rv32im/ilp32/libgcc.a(floatdisf.o) (__ashldi3)
/usr/lib/gcc/riscv64-elf/14.1.0/rv32im/ilp32/libgcc.a(_clz.o)
                              /usr/lib/gcc/riscv64-elf/14.1.0/rv32im/ilp32/libgcc.a(_udivdi3.o) (__clz_tab)
/usr/lib/gcc/riscv64-elf/14.1.0/rv32im/ilp32/libgcc.a(_clzsi2.o)
                              /usr/lib/gcc/riscv64-elf/14.1.0/rv32im/ilp32/libgcc.a(adddf3.o) (__clzsi2)

Discarded input sections

 .text          0x00000000        0x0 main.o
 .data          0x00000000        0x0 main.o
 .bss           0x00000000        0x0 main.o
 .text          0x00000000        0x0 terminal.o
 .data          0x00000000        0x0 terminal.o
 .bss           0x00000000        0x0 terminal.o
 .text.term_clear
                0x00000000       0x28 terminal.o
 .text.term_setpos
                0x00000000       0x6c terminal.o
 .text.term_getpos
                0x00000000        0xc terminal.o
 .text.term_puts
                0x00000000       0x3c terminal.o
 .text.term_println
                0x00000000       0x44 terminal.o
 .text.term_puthex
                0x00000000       0x70 terminal.o
 .rodata.hex.0  0x00000000       0x11 terminal.o
 .text          0x00000000        0x0 dataslot.o
 .data          0x00000000        0x0 dataslot.o
 .bss           0x00000000        0x0 dataslot.o
 .text.dataslot_wait_ready
                0x00000000        0x8 dataslot.o
 .text.dataslot_get_size
                0x00000000       0x10 dataslot.o
 .text.dataslot_read
                0x00000000        0x8 dataslot.o
 .text.dataslot_load
                0x00000000        0x8 dataslot.o
 .text.dataslot_load_to_addr
                0x00000000        0x8 dataslot.o
 .comment       0x00000000       0x27 dataslot.o
 .note.GNU-stack
                0x00000000        0x0 dataslot.o
 .riscv.attributes
                0x00000000       0x2a dataslot.o
 .text          0x00000000        0x0 llama_embedded.o
 .data          0x00000000        0x0 llama_embedded.o
 .bss           0x00000000        0x0 llama_embedded.o
 .sdata.tokenizer_bin_len
                0x00000000        0x4 llama_embedded.o
 .data.tokenizer_bin
                0x00000000     0x1853 llama_embedded.o
 .text          0x00000000        0x0 memtest.o
 .data          0x00000000        0x0 memtest.o
 .bss           0x00000000        0x0 memtest.o
 .rodata.memtest_main.str1.4
                0x00000000      0x13c memtest.o
 .text.memtest_main
                0x00000000      0x3b4 memtest.o
 .sbss.total_errors
                0x00000000        0x4 memtest.o
 .srodata.cst4  0x00000000        0x4 memtest.o
 .comment       0x00000000       0x27 memtest.o
 .note.GNU-stack
                0x00000000        0x0 memtest.o
 .riscv.attributes
                0x00000000       0x2a memtest.o
 .text          0x00000000        0x0 gguf.o
 .data          0x00000000        0x0 gguf.o
 .bss           0x00000000        0x0 gguf.o
 .text          0x00000000        0x0 libc/memory.o
 .data          0x00000000        0x0 libc/memory.o
 .bss           0x00000000        0x0 libc/memory.o
 .text.calloc   0x00000000       0xb8 libc/memory.o
 .text.realloc  0x00000000      0x108 libc/memory.o
 .text.memmove  0x00000000       0x3c libc/memory.o
 .text          0x00000000        0x0 libc/string.o
 .data          0x00000000        0x0 libc/string.o
 .bss           0x00000000        0x0 libc/string.o
 .text.strcpy   0x00000000       0x1c libc/string.o
 .text.strncpy  0x00000000       0x40 libc/string.o
 .text.strcat   0x00000000       0x4c libc/string.o
 .text.strncat  0x00000000       0x4c libc/string.o
 .text.strncmp  0x00000000       0x3c libc/string.o
 .text.strrchr  0x00000000       0x38 libc/string.o
 .text          0x00000000        0x0 libc/ctype.o
 .data          0x00000000        0x0 libc/ctype.o
 .bss           0x00000000        0x0 libc/ctype.o
 .text.isdigit  0x00000000        0xc libc/ctype.o
 .text.isalpha  0x00000000       0x10 libc/ctype.o
 .text.isalnum  0x00000000       0x24 libc/ctype.o
 .text.isupper  0x00000000        0xc libc/ctype.o
 .text.islower  0x00000000        0xc libc/ctype.o
 .text.tolower  0x00000000       0x18 libc/ctype.o
 .text.toupper  0x00000000       0x18 libc/ctype.o
 .text          0x00000000        0x0 libc/stdlib.o
 .data          0x00000000        0x0 libc/stdlib.o
 .bss           0x00000000        0x0 libc/stdlib.o
 .text.labs     0x00000000       0x10 libc/stdlib.o
 .text.atol     0x00000000       0xac libc/stdlib.o
 .text.atoi     0x00000000        0x8 libc/stdlib.o
 .text.strtol   0x00000000      0x174 libc/stdlib.o
 .text.strtoul  0x00000000        0x8 libc/stdlib.o
 .text.atof     0x00000000      0x3f0 libc/stdlib.o
 .text.exit     0x00000000        0x4 libc/stdlib.o
 .text.abort    0x00000000        0x4 libc/stdlib.o
 .srodata.cst8  0x00000000       0x10 libc/stdlib.o
 .text          0x00000000        0x0 libc/qsort.o
 .data          0x00000000        0x0 libc/qsort.o
 .bss           0x00000000        0x0 libc/qsort.o
 .text.bsearch  0x00000000       0xe4 libc/qsort.o
 .text          0x00000000        0x0 libc/time.o
 .data          0x00000000        0x0 libc/time.o
 .bss           0x00000000        0x0 libc/time.o
 .text.time     0x00000000       0x58 libc/time.o
 .text.clock_gettime
                0x00000000       0xb8 libc/time.o
 .comment       0x00000000       0x27 libc/time.o
 .note.GNU-stack
                0x00000000        0x0 libc/time.o
 .riscv.attributes
                0x00000000       0x2a libc/time.o
 .text          0x00000000        0x0 libc/math.o
 .data          0x00000000        0x0 libc/math.o
 .bss           0x00000000        0x0 libc/math.o
 .text.fabsf    0x00000000        0xc libc/math.o
 .text.fabs     0x00000000        0xc libc/math.o
 .text.sqrtf    0x00000000      0x184 libc/math.o
 .text.sqrt     0x00000000      0x19c libc/math.o
 .text.expf     0x00000000       0xb8 libc/math.o
 .text.exp      0x00000000      0x100 libc/math.o
 .text.logf     0x00000000       0xbc libc/math.o
 .text.log      0x00000000      0x10c libc/math.o
 .text.pow      0x00000000      0x330 libc/math.o
 .text.tanf     0x00000000       0xcc libc/math.o
 .text.sin      0x00000000       0x2c libc/math.o
 .text.cos      0x00000000       0x2c libc/math.o
 .text.tan      0x00000000       0xec libc/math.o
 .text.tanhf    0x00000000       0xfc libc/math.o
 .text.tanh     0x00000000      0x144 libc/math.o
 .text.floorf   0x00000000       0xa0 libc/math.o
 .text.ceilf    0x00000000       0x84 libc/math.o
 .text.floor    0x00000000       0x98 libc/math.o
 .text.ceil     0x00000000       0x94 libc/math.o
 .text.roundf   0x00000000       0x80 libc/math.o
 .text.round    0x00000000       0x74 libc/math.o
 .text          0x00000000        0x0 libc/file.o
 .data          0x00000000        0x0 libc/file.o
 .bss           0x00000000        0x0 libc/file.o
 .rodata.filename_to_slot.str1.4
                0x00000000       0x1a libc/file.o
 .text.filename_to_slot
                0x00000000       0xf8 libc/file.o
 .text.fopen    0x00000000      0x16c libc/file.o
 .text.fclose   0x00000000       0x78 libc/file.o
 .text.fread    0x00000000       0xe4 libc/file.o
 .text.fwrite   0x00000000        0x8 libc/file.o
 .text.fseek    0x00000000       0x4c libc/file.o
 .text.ftell    0x00000000       0x14 libc/file.o
 .text.rewind   0x00000000        0xc libc/file.o
 .text.fflush   0x00000000        0x8 libc/file.o
 .text.feof     0x00000000       0x20 libc/file.o
 .text.ferror   0x00000000        0x8 libc/file.o
 .text.fprintf  0x00000000       0x44 libc/file.o
 .text.snprintf
                0x00000000       0x3c libc/file.o
 .text.sscanf   0x00000000      0x480 libc/file.o
 .rodata.sscanf
                0x00000000       0x84 libc/file.o
 .text.open     0x00000000       0xa8 libc/file.o
 .text.close    0x00000000       0x38 libc/file.o
 .text.read     0x00000000       0xf4 libc/file.o
 .text.lseek    0x00000000       0x8c libc/file.o
 .text.mmap     0x00000000       0xcc libc/file.o
 .text.munmap   0x00000000       0x34 libc/file.o
 .bss.fd_used   0x00000000       0x40 libc/file.o
 .bss.fd_size   0x00000000       0x40 libc/file.o
 .bss.fd_offset
                0x00000000       0x40 libc/file.o
 .bss.file_table_used
                0x00000000       0x10 libc/file.o
 .bss.file_table
                0x00000000       0x50 libc/file.o
 .sdata.stderr  0x00000000        0x4 libc/file.o
 .sdata.stdout  0x00000000        0x4 libc/file.o
 .sdata.stdin   0x00000000        0x4 libc/file.o
 .bss.stderr_file
                0x00000000       0x14 libc/file.o
 .bss.stdout_file
                0x00000000       0x14 libc/file.o
 .bss.stdin_file
                0x00000000       0x14 libc/file.o
 .srodata.cst4  0x00000000        0x8 libc/file.o
 .text          0x00000000        0x0 start.o
 .data          0x00000000        0x0 start.o
 .bss           0x00000000        0x0 start.o
 .text          0x00000000        0x0 /usr/lib/gcc/riscv64-elf/14.1.0/rv32im/ilp32/libgcc.a(_udivdi3.o)
 .data          0x00000000        0x0 /usr/lib/gcc/riscv64-elf/14.1.0/rv32im/ilp32/libgcc.a(_udivdi3.o)
 .bss           0x00000000        0x0 /usr/lib/gcc/riscv64-elf/14.1.0/rv32im/ilp32/libgcc.a(_udivdi3.o)
 .eh_frame      0x00000000       0x28 /usr/lib/gcc/riscv64-elf/14.1.0/rv32im/ilp32/libgcc.a(_udivdi3.o)
 .text          0x00000000        0x0 /usr/lib/gcc/riscv64-elf/14.1.0/rv32im/ilp32/libgcc.a(_umoddi3.o)
 .data          0x00000000        0x0 /usr/lib/gcc/riscv64-elf/14.1.0/rv32im/ilp32/libgcc.a(_umoddi3.o)
 .bss           0x00000000        0x0 /usr/lib/gcc/riscv64-elf/14.1.0/rv32im/ilp32/libgcc.a(_umoddi3.o)
 .text.__umoddi3
                0x00000000      0x3e0 /usr/lib/gcc/riscv64-elf/14.1.0/rv32im/ilp32/libgcc.a(_umoddi3.o)
 .debug_info    0x00000000      0x7c3 /usr/lib/gcc/riscv64-elf/14.1.0/rv32im/ilp32/libgcc.a(_umoddi3.o)
 .debug_abbrev  0x00000000      0x1aa /usr/lib/gcc/riscv64-elf/14.1.0/rv32im/ilp32/libgcc.a(_umoddi3.o)
 .debug_loclists
                0x00000000      0x78b /usr/lib/gcc/riscv64-elf/14.1.0/rv32im/ilp32/libgcc.a(_umoddi3.o)
 .debug_aranges
                0x00000000       0x20 /usr/lib/gcc/riscv64-elf/14.1.0/rv32im/ilp32/libgcc.a(_umoddi3.o)
 .debug_rnglists
                0x00000000       0x9a /usr/lib/gcc/riscv64-elf/14.1.0/rv32im/ilp32/libgcc.a(_umoddi3.o)
 .debug_line    0x00000000      0x98d /usr/lib/gcc/riscv64-elf/14.1.0/rv32im/ilp32/libgcc.a(_umoddi3.o)
 .debug_str     0x00000000      0x269 /usr/lib/gcc/riscv64-elf/14.1.0/rv32im/ilp32/libgcc.a(_umoddi3.o)
 .debug_line_str
                0x00000000      0x10c /usr/lib/gcc/riscv64-elf/14.1.0/rv32im/ilp32/libgcc.a(_umoddi3.o)
 .comment       0x00000000       0x27 /usr/lib/gcc/riscv64-elf/14.1.0/rv32im/ilp32/libgcc.a(_umoddi3.o)
 .note.GNU-stack
                0x00000000        0x0 /usr/lib/gcc/riscv64-elf/14.1.0/rv32im/ilp32/libgcc.a(_umoddi3.o)
 .eh_frame      0x00000000       0x28 /usr/lib/gcc/riscv64-elf/14.1.0/rv32im/ilp32/libgcc.a(_umoddi3.o)
 .riscv.attributes
                0x00000000       0x21 /usr/lib/gcc/riscv64-elf/14.1.0/rv32im/ilp32/libgcc.a(_umoddi3.o)
 .text          0x00000000        0x0 /usr/lib/gcc/riscv64-elf/14.1.0/rv32im/ilp32/libgcc.a(adddf3.o)
 .data          0x00000000        0x0 /usr/lib/gcc/riscv64-elf/14.1.0/rv32im/ilp32/libgcc.a(adddf3.o)
 .bss           0x00000000        0x0 /usr/lib/gcc/riscv64-elf/14.1.0/rv32im/ilp32/libgcc.a(adddf3.o)
 .text          0x00000000        0x0 /usr/lib/gcc/riscv64-elf/14.1.0/rv32im/ilp32/libgcc.a(divdf3.o)
 .data          0x00000000        0x0 /usr/lib/gcc/riscv64-elf/14.1.0/rv32im/ilp32/libgcc.a(divdf3.o)
 .bss           0x00000000        0x0 /usr/lib/gcc/riscv64-elf/14.1.0/rv32im/ilp32/libgcc.a(divdf3.o)
 .text          0x00000000        0x0 /usr/lib/gcc/riscv64-elf/14.1.0/rv32im/ilp32/libgcc.a(eqdf2.o)
 .data          0x00000000        0x0 /usr/lib/gcc/riscv64-elf/14.1.0/rv32im/ilp32/libgcc.a(eqdf2.o)
 .bss           0x00000000        0x0 /usr/lib/gcc/riscv64-elf/14.1.0/rv32im/ilp32/libgcc.a(eqdf2.o)
 .text.__eqdf2  0x00000000       0x8c /usr/lib/gcc/riscv64-elf/14.1.0/rv32im/ilp32/libgcc.a(eqdf2.o)
 .debug_info    0x00000000      0x221 /usr/lib/gcc/riscv64-elf/14.1.0/rv32im/ilp32/libgcc.a(eqdf2.o)
 .debug_abbrev  0x00000000      0x153 /usr/lib/gcc/riscv64-elf/14.1.0/rv32im/ilp32/libgcc.a(eqdf2.o)
 .debug_loclists
                0x00000000       0xb2 /usr/lib/gcc/riscv64-elf/14.1.0/rv32im/ilp32/libgcc.a(eqdf2.o)
 .debug_aranges
                0x00000000       0x20 /usr/lib/gcc/riscv64-elf/14.1.0/rv32im/ilp32/libgcc.a(eqdf2.o)
 .debug_rnglists
                0x00000000       0x57 /usr/lib/gcc/riscv64-elf/14.1.0/rv32im/ilp32/libgcc.a(eqdf2.o)
 .debug_line    0x00000000      0x277 /usr/lib/gcc/riscv64-elf/14.1.0/rv32im/ilp32/libgcc.a(eqdf2.o)
 .debug_str     0x00000000      0x1b5 /usr/lib/gcc/riscv64-elf/14.1.0/rv32im/ilp32/libgcc.a(eqdf2.o)
 .debug_line_str
                0x00000000      0x125 /usr/lib/gcc/riscv64-elf/14.1.0/rv32im/ilp32/libgcc.a(eqdf2.o)
 .comment       0x00000000       0x27 /usr/lib/gcc/riscv64-elf/14.1.0/rv32im/ilp32/libgcc.a(eqdf2.o)
 .note.GNU-stack
                0x00000000        0x0 /usr/lib/gcc/riscv64-elf/14.1.0/rv32im/ilp32/libgcc.a(eqdf2.o)
 .debug_frame   0x00000000       0x20 /usr/lib/gcc/riscv64-elf/14.1.0/rv32im/ilp32/libgcc.a(eqdf2.o)
 .riscv.attributes
                0x00000000       0x21 /usr/lib/gcc/riscv64-elf/14.1.0/rv32im/ilp32/libgcc.a(eqdf2.o)
 .text          0x00000000        0x0 /usr/lib/gcc/riscv64-elf/14.1.0/rv32im/ilp32/libgcc.a(ledf2.o)
 .data          0x00000000        0x0 /usr/lib/gcc/riscv64-elf/14.1.0/rv32im/ilp32/libgcc.a(ledf2.o)
 .bss           0x00000000        0x0 /usr/lib/gcc/riscv64-elf/14.1.0/rv32im/ilp32/libgcc.a(ledf2.o)
 .text.__ledf2  0x00000000       0xd0 /usr/lib/gcc/riscv64-elf/14.1.0/rv32im/ilp32/libgcc.a(ledf2.o)
 .debug_info    0x00000000      0x220 /usr/lib/gcc/riscv64-elf/14.1.0/rv32im/ilp32/libgcc.a(ledf2.o)
 .debug_abbrev  0x00000000      0x168 /usr/lib/gcc/riscv64-elf/14.1.0/rv32im/ilp32/libgcc.a(ledf2.o)
 .debug_loclists
                0x00000000      0x1aa /usr/lib/gcc/riscv64-elf/14.1.0/rv32im/ilp32/libgcc.a(ledf2.o)
 .debug_aranges
                0x00000000       0x20 /usr/lib/gcc/riscv64-elf/14.1.0/rv32im/ilp32/libgcc.a(ledf2.o)
 .debug_rnglists
                0x00000000       0x7c /usr/lib/gcc/riscv64-elf/14.1.0/rv32im/ilp32/libgcc.a(ledf2.o)
 .debug_line    0x00000000      0x347 /usr/lib/gcc/riscv64-elf/14.1.0/rv32im/ilp32/libgcc.a(ledf2.o)
 .debug_str     0x00000000      0x1d9 /usr/lib/gcc/riscv64-elf/14.1.0/rv32im/ilp32/libgcc.a(ledf2.o)
 .debug_line_str
                0x00000000      0x125 /usr/lib/gcc/riscv64-elf/14.1.0/rv32im/ilp32/libgcc.a(ledf2.o)
 .comment       0x00000000       0x27 /usr/lib/gcc/riscv64-elf/14.1.0/rv32im/ilp32/libgcc.a(ledf2.o)
 .note.GNU-stack
                0x00000000        0x0 /usr/lib/gcc/riscv64-elf/14.1.0/rv32im/ilp32/libgcc.a(ledf2.o)
 .debug_frame   0x00000000       0x20 /usr/lib/gcc/riscv64-elf/14.1.0/rv32im/ilp32/libgcc.a(ledf2.o)
 .riscv.attributes
                0x00000000       0x21 /usr/lib/gcc/riscv64-elf/14.1.0/rv32im/ilp32/libgcc.a(ledf2.o)
 .text          0x00000000        0x0 /usr/lib/gcc/riscv64-elf/14.1.0/rv32im/ilp32/libgcc.a(muldf3.o)
 .data          0x00000000        0x0 /usr/lib/gcc/riscv64-elf/14.1.0/rv32im/ilp32/libgcc.a(muldf3.o)
 .bss           0x00000000        0x0 /usr/lib/gcc/riscv64-elf/14.1.0/rv32im/ilp32/libgcc.a(muldf3.o)
 .text.__muldf3
                0x00000000      0x604 /usr/lib/gcc/riscv64-elf/14.1.0/rv32im/ilp32/libgcc.a(muldf3.o)
 .debug_info    0x00000000      0x6ac /usr/lib/gcc/riscv64-elf/14.1.0/rv32im/ilp32/libgcc.a(muldf3.o)
 .debug_abbrev  0x00000000      0x185 /usr/lib/gcc/riscv64-elf/14.1.0/rv32im/ilp32/libgcc.a(muldf3.o)
 .debug_loclists
                0x00000000      0xb10 /usr/lib/gcc/riscv64-elf/14.1.0/rv32im/ilp32/libgcc.a(muldf3.o)
 .debug_aranges
                0x00000000       0x20 /usr/lib/gcc/riscv64-elf/14.1.0/rv32im/ilp32/libgcc.a(muldf3.o)
 .debug_rnglists
                0x00000000      0x25c /usr/lib/gcc/riscv64-elf/14.1.0/rv32im/ilp32/libgcc.a(muldf3.o)
 .debug_line    0x00000000      0xf02 /usr/lib/gcc/riscv64-elf/14.1.0/rv32im/ilp32/libgcc.a(muldf3.o)
 .debug_str     0x00000000      0x3bd /usr/lib/gcc/riscv64-elf/14.1.0/rv32im/ilp32/libgcc.a(muldf3.o)
 .debug_line_str
                0x00000000      0x122 /usr/lib/gcc/riscv64-elf/14.1.0/rv32im/ilp32/libgcc.a(muldf3.o)
 .comment       0x00000000       0x27 /usr/lib/gcc/riscv64-elf/14.1.0/rv32im/ilp32/libgcc.a(muldf3.o)
 .note.GNU-stack
                0x00000000        0x0 /usr/lib/gcc/riscv64-elf/14.1.0/rv32im/ilp32/libgcc.a(muldf3.o)
 .debug_frame   0x00000000       0x5c /usr/lib/gcc/riscv64-elf/14.1.0/rv32im/ilp32/libgcc.a(muldf3.o)
 .riscv.attributes
                0x00000000       0x21 /usr/lib/gcc/riscv64-elf/14.1.0/rv32im/ilp32/libgcc.a(muldf3.o)
 .text          0x00000000        0x0 /usr/lib/gcc/riscv64-elf/14.1.0/rv32im/ilp32/libgcc.a(fixdfsi.o)
 .data          0x00000000        0x0 /usr/lib/gcc/riscv64-elf/14.1.0/rv32im/ilp32/libgcc.a(fixdfsi.o)
 .bss           0x00000000        0x0 /usr/lib/gcc/riscv64-elf/14.1.0/rv32im/ilp32/libgcc.a(fixdfsi.o)
 .text          0x00000000        0x0 /usr/lib/gcc/riscv64-elf/14.1.0/rv32im/ilp32/libgcc.a(floatsidf.o)
 .data          0x00000000        0x0 /usr/lib/gcc/riscv64-elf/14.1.0/rv32im/ilp32/libgcc.a(floatsidf.o)
 .bss           0x00000000        0x0 /usr/lib/gcc/riscv64-elf/14.1.0/rv32im/ilp32/libgcc.a(floatsidf.o)
 .text.__floatsidf
                0x00000000       0xb8 /usr/lib/gcc/riscv64-elf/14.1.0/rv32im/ilp32/libgcc.a(floatsidf.o)
 .debug_info    0x00000000      0x268 /usr/lib/gcc/riscv64-elf/14.1.0/rv32im/ilp32/libgcc.a(floatsidf.o)
 .debug_abbrev  0x00000000      0x164 /usr/lib/gcc/riscv64-elf/14.1.0/rv32im/ilp32/libgcc.a(floatsidf.o)
 .debug_loclists
                0x00000000      0x113 /usr/lib/gcc/riscv64-elf/14.1.0/rv32im/ilp32/libgcc.a(floatsidf.o)
 .debug_aranges
                0x00000000       0x20 /usr/lib/gcc/riscv64-elf/14.1.0/rv32im/ilp32/libgcc.a(floatsidf.o)
 .debug_rnglists
                0x00000000       0x6b /usr/lib/gcc/riscv64-elf/14.1.0/rv32im/ilp32/libgcc.a(floatsidf.o)
 .debug_line    0x00000000      0x225 /usr/lib/gcc/riscv64-elf/14.1.0/rv32im/ilp32/libgcc.a(floatsidf.o)
 .debug_str     0x00000000      0x24d /usr/lib/gcc/riscv64-elf/14.1.0/rv32im/ilp32/libgcc.a(floatsidf.o)
 .debug_line_str
                0x00000000      0x12b /usr/lib/gcc/riscv64-elf/14.1.0/rv32im/ilp32/libgcc.a(floatsidf.o)
 .comment       0x00000000       0x27 /usr/lib/gcc/riscv64-elf/14.1.0/rv32im/ilp32/libgcc.a(floatsidf.o)
 .note.GNU-stack
                0x00000000        0x0 /usr/lib/gcc/riscv64-elf/14.1.0/rv32im/ilp32/libgcc.a(floatsidf.o)
 .debug_frame   0x00000000       0x40 /usr/lib/gcc/riscv64-elf/14.1.0/rv32im/ilp32/libgcc.a(floatsidf.o)
 .riscv.attributes
                0x00000000       0x21 /usr/lib/gcc/riscv64-elf/14.1.0/rv32im/ilp32/libgcc.a(floatsidf.o)
 .text          0x00000000        0x0 /usr/lib/gcc/riscv64-elf/14.1.0/rv32im/ilp32/libgcc.a(addsf3.o)
 .data          0x00000000        0x0 /usr/lib/gcc/riscv64-elf/14.1.0/rv32im/ilp32/libgcc.a(addsf3.o)
 .bss           0x00000000        0x0 /usr/lib/gcc/riscv64-elf/14.1.0/rv32im/ilp32/libgcc.a(addsf3.o)
 .text          0x00000000        0x0 /usr/lib/gcc/riscv64-elf/14.1.0/rv32im/ilp32/libgcc.a(divsf3.o)
 .data          0x00000000        0x0 /usr/lib/gcc/riscv64-elf/14.1.0/rv32im/ilp32/libgcc.a(divsf3.o)
 .bss           0x00000000        0x0 /usr/lib/gcc/riscv64-elf/14.1.0/rv32im/ilp32/libgcc.a(divsf3.o)
 .text          0x00000000        0x0 /usr/lib/gcc/riscv64-elf/14.1.0/rv32im/ilp32/libgcc.a(eqsf2.o)
 .data          0x00000000        0x0 /usr/lib/gcc/riscv64-elf/14.1.0/rv32im/ilp32/libgcc.a(eqsf2.o)
 .bss           0x00000000        0x0 /usr/lib/gcc/riscv64-elf/14.1.0/rv32im/ilp32/libgcc.a(eqsf2.o)
 .text          0x00000000        0x0 /usr/lib/gcc/riscv64-elf/14.1.0/rv32im/ilp32/libgcc.a(gesf2.o)
 .data          0x00000000        0x0 /usr/lib/gcc/riscv64-elf/14.1.0/rv32im/ilp32/libgcc.a(gesf2.o)
 .bss           0x00000000        0x0 /usr/lib/gcc/riscv64-elf/14.1.0/rv32im/ilp32/libgcc.a(gesf2.o)
 .text          0x00000000        0x0 /usr/lib/gcc/riscv64-elf/14.1.0/rv32im/ilp32/libgcc.a(lesf2.o)
 .data          0x00000000        0x0 /usr/lib/gcc/riscv64-elf/14.1.0/rv32im/ilp32/libgcc.a(lesf2.o)
 .bss           0x00000000        0x0 /usr/lib/gcc/riscv64-elf/14.1.0/rv32im/ilp32/libgcc.a(lesf2.o)
 .text          0x00000000        0x0 /usr/lib/gcc/riscv64-elf/14.1.0/rv32im/ilp32/libgcc.a(mulsf3.o)
 .data          0x00000000        0x0 /usr/lib/gcc/riscv64-elf/14.1.0/rv32im/ilp32/libgcc.a(mulsf3.o)
 .bss           0x00000000        0x0 /usr/lib/gcc/riscv64-elf/14.1.0/rv32im/ilp32/libgcc.a(mulsf3.o)
 .text          0x00000000        0x0 /usr/lib/gcc/riscv64-elf/14.1.0/rv32im/ilp32/libgcc.a(subsf3.o)
 .data          0x00000000        0x0 /usr/lib/gcc/riscv64-elf/14.1.0/rv32im/ilp32/libgcc.a(subsf3.o)
 .bss           0x00000000        0x0 /usr/lib/gcc/riscv64-elf/14.1.0/rv32im/ilp32/libgcc.a(subsf3.o)
 .text          0x00000000        0x0 /usr/lib/gcc/riscv64-elf/14.1.0/rv32im/ilp32/libgcc.a(fixsfsi.o)
 .data          0x00000000        0x0 /usr/lib/gcc/riscv64-elf/14.1.0/rv32im/ilp32/libgcc.a(fixsfsi.o)
 .bss           0x00000000        0x0 /usr/lib/gcc/riscv64-elf/14.1.0/rv32im/ilp32/libgcc.a(fixsfsi.o)
 .text          0x00000000        0x0 /usr/lib/gcc/riscv64-elf/14.1.0/rv32im/ilp32/libgcc.a(floatsisf.o)
 .data          0x00000000        0x0 /usr/lib/gcc/riscv64-elf/14.1.0/rv32im/ilp32/libgcc.a(floatsisf.o)
 .bss           0x00000000        0x0 /usr/lib/gcc/riscv64-elf/14.1.0/rv32im/ilp32/libgcc.a(floatsisf.o)
 .text          0x00000000        0x0 /usr/lib/gcc/riscv64-elf/14.1.0/rv32im/ilp32/libgcc.a(floatunsisf.o)
 .data          0x00000000        0x0 /usr/lib/gcc/riscv64-elf/14.1.0/rv32im/ilp32/libgcc.a(floatunsisf.o)
 .bss           0x00000000        0x0 /usr/lib/gcc/riscv64-elf/14.1.0/rv32im/ilp32/libgcc.a(floatunsisf.o)
 .text          0x00000000        0x0 /usr/lib/gcc/riscv64-elf/14.1.0/rv32im/ilp32/libgcc.a(floatdisf.o)
 .data          0x00000000        0x0 /usr/lib/gcc/riscv64-elf/14.1.0/rv32im/ilp32/libgcc.a(floatdisf.o)
 .bss           0x00000000        0x0 /usr/lib/gcc/riscv64-elf/14.1.0/rv32im/ilp32/libgcc.a(floatdisf.o)
 .text          0x00000000        0x0 /usr/lib/gcc/riscv64-elf/14.1.0/rv32im/ilp32/libgcc.a(extendsfdf2.o)
 .data          0x00000000        0x0 /usr/lib/gcc/riscv64-elf/14.1.0/rv32im/ilp32/libgcc.a(extendsfdf2.o)
 .bss           0x00000000        0x0 /usr/lib/gcc/riscv64-elf/14.1.0/rv32im/ilp32/libgcc.a(extendsfdf2.o)
 .text          0x00000000        0x0 /usr/lib/gcc/riscv64-elf/14.1.0/rv32im/ilp32/libgcc.a(truncdfsf2.o)
 .data          0x00000000        0x0 /usr/lib/gcc/riscv64-elf/14.1.0/rv32im/ilp32/libgcc.a(truncdfsf2.o)
 .bss           0x00000000        0x0 /usr/lib/gcc/riscv64-elf/14.1.0/rv32im/ilp32/libgcc.a(truncdfsf2.o)
 .text.__truncdfsf2
                0x00000000      0x148 /usr/lib/gcc/riscv64-elf/14.1.0/rv32im/ilp32/libgcc.a(truncdfsf2.o)
 .debug_info    0x00000000      0x287 /usr/lib/gcc/riscv64-elf/14.1.0/rv32im/ilp32/libgcc.a(truncdfsf2.o)
 .debug_abbrev  0x00000000      0x13c /usr/lib/gcc/riscv64-elf/14.1.0/rv32im/ilp32/libgcc.a(truncdfsf2.o)
 .debug_loclists
                0x00000000      0x36e /usr/lib/gcc/riscv64-elf/14.1.0/rv32im/ilp32/libgcc.a(truncdfsf2.o)
 .debug_aranges
                0x00000000       0x20 /usr/lib/gcc/riscv64-elf/14.1.0/rv32im/ilp32/libgcc.a(truncdfsf2.o)
 .debug_rnglists
                0x00000000       0x4e /usr/lib/gcc/riscv64-elf/14.1.0/rv32im/ilp32/libgcc.a(truncdfsf2.o)
 .debug_line    0x00000000      0x4c3 /usr/lib/gcc/riscv64-elf/14.1.0/rv32im/ilp32/libgcc.a(truncdfsf2.o)
 .debug_str     0x00000000      0x22f /usr/lib/gcc/riscv64-elf/14.1.0/rv32im/ilp32/libgcc.a(truncdfsf2.o)
 .debug_line_str
                0x00000000      0x12d /usr/lib/gcc/riscv64-elf/14.1.0/rv32im/ilp32/libgcc.a(truncdfsf2.o)
 .comment       0x00000000       0x27 /usr/lib/gcc/riscv64-elf/14.1.0/rv32im/ilp32/libgcc.a(truncdfsf2.o)
 .note.GNU-stack
                0x00000000        0x0 /usr/lib/gcc/riscv64-elf/14.1.0/rv32im/ilp32/libgcc.a(truncdfsf2.o)
 .debug_frame   0x00000000       0x20 /usr/lib/gcc/riscv64-elf/14.1.0/rv32im/ilp32/libgcc.a(truncdfsf2.o)
 .riscv.attributes
                0x00000000       0x21 /usr/lib/gcc/riscv64-elf/14.1.0/rv32im/ilp32/libgcc.a(truncdfsf2.o)
 .text          0x00000000        0x0 /usr/lib/gcc/riscv64-elf/14.1.0/rv32im/ilp32/libgcc.a(_lshrdi3.o)
 .data          0x00000000        0x0 /usr/lib/gcc/riscv64-elf/14.1.0/rv32im/ilp32/libgcc.a(_lshrdi3.o)
 .bss           0x00000000        0x0 /usr/lib/gcc/riscv64-elf/14.1.0/rv32im/ilp32/libgcc.a(_lshrdi3.o)
 .text          0x00000000        0x0 /usr/lib/gcc/riscv64-elf/14.1.0/rv32im/ilp32/libgcc.a(_ashldi3.o)
 .data          0x00000000        0x0 /usr/lib/gcc/riscv64-elf/14.1.0/rv32im/ilp32/libgcc.a(_ashldi3.o)
 .bss           0x00000000        0x0 /usr/lib/gcc/riscv64-elf/14.1.0/rv32im/ilp32/libgcc.a(_ashldi3.o)
 .text          0x00000000        0x0 /usr/lib/gcc/riscv64-elf/14.1.0/rv32im/ilp32/libgcc.a(_clz.o)
 .data          0x00000000        0x0 /usr/lib/gcc/riscv64-elf/14.1.0/rv32im/ilp32/libgcc.a(_clz.o)
 .bss           0x00000000        0x0 /usr/lib/gcc/riscv64-elf/14.1.0/rv32im/ilp32/libgcc.a(_clz.o)
 .text          0x00000000        0x0 /usr/lib/gcc/riscv64-elf/14.1.0/rv32im/ilp32/libgcc.a(_clzsi2.o)
 .data          0x00000000        0x0 /usr/lib/gcc/riscv64-elf/14.1.0/rv32im/ilp32/libgcc.a(_clzsi2.o)
 .bss           0x00000000        0x0 /usr/lib/gcc/riscv64-elf/14.1.0/rv32im/ilp32/libgcc.a(_clzsi2.o)

Memory Configuration

Name             Origin             Length             Attributes
RAM              0x00000000         0x00010000         xrw
SDRAM            0x10000000         0x04000000         xrw
*default*        0x00000000         0xffffffff

Linker script and memory map

LOAD main.o
LOAD terminal.o
LOAD dataslot.o
LOAD llama_embedded.o
LOAD memtest.o
LOAD gguf.o
LOAD libc/memory.o
LOAD libc/string.o
LOAD libc/ctype.o
LOAD libc/stdlib.o
LOAD libc/qsort.o
LOAD libc/time.o
LOAD libc/math.o
LOAD libc/file.o
LOAD start.o
LOAD /usr/lib/gcc/riscv64-elf/14.1.0/rv32im/ilp32/libgcc.a
                0x10000000                        __sdram_base = 0x10000000
                0x04000000                        __sdram_size = 0x4000000

.text           0x00000000     0xbb7c
 *(.text.start)
 .text.start    0x00000000       0x30 start.o
                0x00000000                _start
 *(.text*)
 .text.startup.main
                0x00000030       0x38 main.o
                0x00000030                main
 .text.term_init
                0x00000068       0x28 terminal.o
                0x00000068                term_init
 .text.term_putchar
                0x00000090      0x1c8 terminal.o
                0x00000090                term_putchar
 .text.term_putdec
                0x00000258       0xb0 terminal.o
                0x00000258                term_putdec
 .text.term_printf
                0x00000308      0x3bc terminal.o
                0x00000308                term_printf
 .text.rmsnorm  0x000006c4      0x144 llama_embedded.o
 .text.layernorm
                0x00000808      0x1a0 llama_embedded.o
 .text.matmul_batch_begin
                0x000009a8       0xd8 llama_embedded.o
 .text.compare_prob
                0x00000a80       0x64 llama_embedded.o
 .text.malloc_run_state
                0x00000ae4      0x2d0 llama_embedded.o
 .text.load_tensor_to_buffer.constprop.0
                0x00000db4      0x214 llama_embedded.o
 .text.get_or_load_tensor.constprop.0
                0x00000fc8      0x108 llama_embedded.o
 .text.softmax  0x000010d0      0x1a0 llama_embedded.o
 .text.sample   0x00001270      0x3e4 llama_embedded.o
 .text.accel_attention_scores
                0x00001654      0x500 llama_embedded.o
 .text.matmul_batch
                0x00001b54      0x394 llama_embedded.o
 .text.forward_gpt2
                0x00001ee8      0x91c llama_embedded.o
 .text.forward_llama
                0x00002804      0xc78 llama_embedded.o
 .text.llama_main
                0x0000347c     0x28d8 llama_embedded.o
                0x0000347c                llama_main
 .text.read_u32
                0x00005d54       0x38 gguf.o
 .text.strncmp_len
                0x00005d8c       0x80 gguf.o
 .text.skip_gguf_value
                0x00005e0c      0x1a0 gguf.o
 .text.gguf_init
                0x00005fac      0x228 gguf.o
                0x00005fac                gguf_init
 .text.gguf_parse_metadata
                0x000061d4      0x8b8 gguf.o
                0x000061d4                gguf_parse_metadata
 .text.gguf_find_tensor
                0x00006a8c      0x4c8 gguf.o
                0x00006a8c                gguf_find_tensor
 .text.gguf_get_tensor_data
                0x00006f54       0x24 gguf.o
                0x00006f54                gguf_get_tensor_data
 .text.gguf_get_vocab_string
                0x00006f78      0x154 gguf.o
                0x00006f78                gguf_get_vocab_string
 .text.heap_init
                0x000070cc       0x34 libc/memory.o
                0x000070cc                heap_init
 .text.malloc   0x00007100       0x98 libc/memory.o
                0x00007100                malloc
 .text.free     0x00007198       0x9c libc/memory.o
                0x00007198                free
 .text.memcpy   0x00007234       0x7c libc/memory.o
                0x00007234                memcpy
 .text.memset   0x000072b0       0x80 libc/memory.o
                0x000072b0                memset
 .text.memcmp   0x00007330       0x3c libc/memory.o
                0x00007330                memcmp
 .text.strlen   0x0000736c       0x28 libc/string.o
                0x0000736c                strlen
 .text.strcmp   0x00007394       0x44 libc/string.o
                0x00007394                strcmp
 .text.strchr   0x000073d8       0x2c libc/string.o
                0x000073d8                strchr
 .text.isprint  0x00007404        0xc libc/ctype.o
                0x00007404                isprint
 .text.isspace  0x00007410       0x1c libc/ctype.o
                0x00007410                isspace
 .text.abs      0x0000742c       0x10 libc/stdlib.o
                0x0000742c                abs
 .text.qsort    0x0000743c      0x370 libc/qsort.o
                0x0000743c                qsort
 .text.expf.part.0
                0x000077ac      0x20c libc/math.o
 .text.logf.part.0
                0x000079b8      0x1c0 libc/math.o
 .text.powf     0x00007b78      0x29c libc/math.o
                0x00007b78                powf
 .text.cosf     0x00007e14      0x1d8 libc/math.o
                0x00007e14                cosf
 .text.sinf     0x00007fec      0x200 libc/math.o
                0x00007fec                sinf
 .text.sprintf  0x000081ec      0x234 libc/file.o
                0x000081ec                sprintf
 .text.__udivdi3
                0x00008420      0x42c /usr/lib/gcc/riscv64-elf/14.1.0/rv32im/ilp32/libgcc.a(_udivdi3.o)
                0x00008420                __udivdi3
 .text.__adddf3
                0x0000884c      0x780 /usr/lib/gcc/riscv64-elf/14.1.0/rv32im/ilp32/libgcc.a(adddf3.o)
                0x0000884c                __adddf3
 .text.__divdf3
                0x00008fcc      0x6bc /usr/lib/gcc/riscv64-elf/14.1.0/rv32im/ilp32/libgcc.a(divdf3.o)
                0x00008fcc                __divdf3
 .text.__fixdfsi
                0x00009688       0x80 /usr/lib/gcc/riscv64-elf/14.1.0/rv32im/ilp32/libgcc.a(fixdfsi.o)
                0x00009688                __fixdfsi
 .text.__addsf3
                0x00009708      0x430 /usr/lib/gcc/riscv64-elf/14.1.0/rv32im/ilp32/libgcc.a(addsf3.o)
                0x00009708                __addsf3
 .text.__divsf3
                0x00009b38      0x31c /usr/lib/gcc/riscv64-elf/14.1.0/rv32im/ilp32/libgcc.a(divsf3.o)
                0x00009b38                __divsf3
 .text.__eqsf2  0x00009e54       0x68 /usr/lib/gcc/riscv64-elf/14.1.0/rv32im/ilp32/libgcc.a(eqsf2.o)
                0x00009e54                __nesf2
                0x00009e54                __eqsf2
 .text.__gesf2  0x00009ebc       0xa0 /usr/lib/gcc/riscv64-elf/14.1.0/rv32im/ilp32/libgcc.a(gesf2.o)
                0x00009ebc                __gtsf2
                0x00009ebc                __gesf2
 .text.__lesf2  0x00009f5c       0xa0 /usr/lib/gcc/riscv64-elf/14.1.0/rv32im/ilp32/libgcc.a(lesf2.o)
                0x00009f5c                __lesf2
                0x00009f5c                __ltsf2
 .text.__mulsf3
                0x00009ffc      0x31c /usr/lib/gcc/riscv64-elf/14.1.0/rv32im/ilp32/libgcc.a(mulsf3.o)
                0x00009ffc                __mulsf3
 .text.__subsf3
                0x0000a318      0x440 /usr/lib/gcc/riscv64-elf/14.1.0/rv32im/ilp32/libgcc.a(subsf3.o)
                0x0000a318                __subsf3
 .text.__fixsfsi
                0x0000a758       0x70 /usr/lib/gcc/riscv64-elf/14.1.0/rv32im/ilp32/libgcc.a(fixsfsi.o)
                0x0000a758                __fixsfsi
 .text.__floatsisf
                0x0000a7c8      0x110 /usr/lib/gcc/riscv64-elf/14.1.0/rv32im/ilp32/libgcc.a(floatsisf.o)
                0x0000a7c8                __floatsisf
 .text.__floatunsisf
                0x0000a8d8       0xe4 /usr/lib/gcc/riscv64-elf/14.1.0/rv32im/ilp32/libgcc.a(floatunsisf.o)
                0x0000a8d8                __floatunsisf
 .text.__floatdisf
                0x0000a9bc      0x184 /usr/lib/gcc/riscv64-elf/14.1.0/rv32im/ilp32/libgcc.a(floatdisf.o)
                0x0000a9bc                __floatdisf
 .text.__extendsfdf2
                0x0000ab40       0xec /usr/lib/gcc/riscv64-elf/14.1.0/rv32im/ilp32/libgcc.a(extendsfdf2.o)
                0x0000ab40                __extendsfdf2
 .text.__lshrdi3
                0x0000ac2c       0x38 /usr/lib/gcc/riscv64-elf/14.1.0/rv32im/ilp32/libgcc.a(_lshrdi3.o)
                0x0000ac2c                __lshrdi3
 .text.__ashldi3
                0x0000ac64       0x38 /usr/lib/gcc/riscv64-elf/14.1.0/rv32im/ilp32/libgcc.a(_ashldi3.o)
                0x0000ac64                __ashldi3
 .text.__clzsi2
                0x0000ac9c       0x4c /usr/lib/gcc/riscv64-elf/14.1.0/rv32im/ilp32/libgcc.a(_clzsi2.o)
                0x0000ac9c                __clzsi2
 *(.rodata*)
 .rodata.main.str1.4
                0x0000ace8      0xbf1 main.o
                                 0x42 (size before relaxing)
 .rodata.term_printf.str1.4
                0x0000b8d9       0x2d terminal.o
 *fill*         0x0000b8d9        0x3 
 .rodata.term_printf
                0x0000b8dc       0x84 terminal.o
 .rodata.malloc_run_state.str1.4
                0x0000b960       0x6e llama_embedded.o
 .rodata.get_or_load_tensor.constprop.0.str1.4
                0x0000b960       0x25 llama_embedded.o
 .rodata.llama_main.str1.4
                0x0000b960      0x867 llama_embedded.o
 .rodata.skip_gguf_value
                0x0000b960       0x34 gguf.o
 .rodata.gguf_init.str1.4
                0x0000b994       0x60 gguf.o
 .rodata.gguf_parse_metadata.str1.4
                0x0000b994      0x231 gguf.o
 *fill*         0x0000b994        0x4 
 .rodata        0x0000b998       0x20 gguf.o
 .rodata.sprintf.str1.4
                0x0000b9b8        0x7 libc/file.o
 .rodata.sprintf
                0x0000b9b8       0x4c libc/file.o
 .rodata.__divdf3
                0x0000ba04       0x3c /usr/lib/gcc/riscv64-elf/14.1.0/rv32im/ilp32/libgcc.a(divdf3.o)
 .rodata.__divsf3
                0x0000ba40       0x3c /usr/lib/gcc/riscv64-elf/14.1.0/rv32im/ilp32/libgcc.a(divsf3.o)
 .rodata.__clz_tab
                0x0000ba7c      0x100 /usr/lib/gcc/riscv64-elf/14.1.0/rv32im/ilp32/libgcc.a(_clz.o)
                0x0000ba7c                __clz_tab
                0x0000bb7c                        . = ALIGN (0x4)
                0x0000bb7c                        __text_end = .

.srodata.cst4   0x0000bb7c       0xc0
 .srodata.cst4  0x0000bb7c       0xc0 llama_embedded.o
                                 0x58 (size before relaxing)
 .srodata.cst4  0x0000bc3c       0x7c libc/math.o

.srodata.cst8   0x0000bc40       0x28
 .srodata.cst8  0x0000bc40       0x28 libc/math.o

.rela.dyn       0x0000bc68        0x0
 .rela.text.start
                0x0000bc68        0x0 main.o

.data           0x0000bc68        0xc
                0x0000bc68                        __data_start = .
 *(.data*)
 *(.sdata*)
 .sdata.rope_last_pos
                0x0000bc68        0x4 llama_embedded.o
 .sdata.psram_cache_ptr
                0x0000bc6c        0x4 llama_embedded.o
 .sdata.sdram_arena_ptr
                0x0000bc70        0x4 llama_embedded.o
                0x0000bc74                        . = ALIGN (0x4)
                0x0000bc74                        __data_end = .

.bss            0x0000bc78      0x3ac
                0x0000bc78                        . = ALIGN (0x4)
                0x0000bc78                        __bss_start = .
 *(.bss*)
 .bss.decoded.0
                0x0000bc78      0x100 llama_embedded.o
 .bss.decoded.1
                0x0000bd78       0x80 llama_embedded.o
 .bss.token_str.2
                0x0000bdf8       0x80 llama_embedded.o
 .bss.g_gguf_ctx
                0x0000be78       0x70 llama_embedded.o
 .bss.encode_str_buffer
                0x0000bee8      0x100 llama_embedded.o
 *(.sbss*)
 .sbss.cursor_pos
                0x0000bfe8        0x4 terminal.o
 .sbss.tok_string_ptr
                0x0000bfec        0x4 llama_embedded.o
 .sbss.tok_string_pool
                0x0000bff0        0x4 llama_embedded.o
 .sbss.tok_scores_ptr
                0x0000bff4        0x4 llama_embedded.o
 .sbss.tok_vocab_ptrs
                0x0000bff8        0x4 llama_embedded.o
 .sbss.rope_freq_head_size
                0x0000bffc        0x4 llama_embedded.o
 .sbss.rope_cos_cache
                0x0000c000        0x4 llama_embedded.o
 .sbss.rope_sin_cache
                0x0000c004        0x4 llama_embedded.o
 .sbss.rope_freq_cache
                0x0000c008        0x4 llama_embedded.o
 .sbss.k_sdram_batch
                0x0000c00c        0x4 llama_embedded.o
 .sbss.x_sdram_buf
                0x0000c010        0x4 llama_embedded.o
 .sbss.wo_cached_layers
                0x0000c014        0x4 llama_embedded.o
 .sbss.g_tokenizer
                0x0000c018        0x4 llama_embedded.o
                0x0000c018                g_tokenizer
 .sbss.heap_end
                0x0000c01c        0x4 libc/memory.o
 .sbss.heap_start
                0x0000c020        0x4 libc/memory.o
 *(COMMON)
                0x0000c024                        . = ALIGN (0x4)
                0x0000c024                        __bss_end = .
                0x0000c024                        __ram_end = .
                0x00010000                        __stack_top = (ORIGIN (RAM) + LENGTH (RAM))

.heap           0x10000000  0x4000000
                0x10000000                        __heap_start = .
                0x14000000                        . = (ORIGIN (SDRAM) + LENGTH (SDRAM))
 *fill*         0x10000000  0x4000000 
                0x14000000                        __heap_end = .
                0x00010000                        PROVIDE (_stack_top = __stack_top)
                0x0000bc78                        PROVIDE (_bss_start = __bss_start)
                0x0000c024                        PROVIDE (_bss_end = __bss_end)
                [!provide]                        PROVIDE (_heap_start = __sdram_base)
                [!provide]                        PROVIDE (_heap_end = (__sdram_base + __sdram_size))
OUTPUT(firmware.elf elf32-littleriscv)

.comment        0x00000000       0x26
 .comment       0x00000000       0x26 main.o
                                 0x27 (size before relaxing)
 .comment       0x00000026       0x27 terminal.o
 .comment       0x00000026       0x27 llama_embedded.o
 .comment       0x00000026       0x27 gguf.o
 .comment       0x00000026       0x27 libc/memory.o
 .comment       0x00000026       0x27 libc/string.o
 .comment       0x00000026       0x27 libc/ctype.o
 .comment       0x00000026       0x27 libc/stdlib.o
 .comment       0x00000026       0x27 libc/qsort.o
 .comment       0x00000026       0x27 libc/math.o
 .comment       0x00000026       0x27 libc/file.o
 .comment       0x00000026       0x27 /usr/lib/gcc/riscv64-elf/14.1.0/rv32im/ilp32/libgcc.a(_udivdi3.o)
 .comment       0x00000026       0x27 /usr/lib/gcc/riscv64-elf/14.1.0/rv32im/ilp32/libgcc.a(adddf3.o)
 .comment       0x00000026       0x27 /usr/lib/gcc/riscv64-elf/14.1.0/rv32im/ilp32/libgcc.a(divdf3.o)
 .comment       0x00000026       0x27 /usr/lib/gcc/riscv64-elf/14.1.0/rv32im/ilp32/libgcc.a(fixdfsi.o)
 .comment       0x00000026       0x27 /usr/lib/gcc/riscv64-elf/14.1.0/rv32im/ilp32/libgcc.a(addsf3.o)
 .comment       0x00000026       0x27 /usr/lib/gcc/riscv64-elf/14.1.0/rv32im/ilp32/libgcc.a(divsf3.o)
 .comment       0x00000026       0x27 /usr/lib/gcc/riscv64-elf/14.1.0/rv32im/ilp32/libgcc.a(eqsf2.o)
 .comment       0x00000026       0x27 /usr/lib/gcc/riscv64-elf/14.1.0/rv32im/ilp32/libgcc.a(gesf2.o)
 .comment       0x00000026       0x27 /usr/lib/gcc/riscv64-elf/14.1.0/rv32im/ilp32/libgcc.a(lesf2.o)
 .comment       0x00000026       0x27 /usr/lib/gcc/riscv64-elf/14.1.0/rv32im/ilp32/libgcc.a(mulsf3.o)
 .comment       0x00000026       0x27 /usr/lib/gcc/riscv64-elf/14.1.0/rv32im/ilp32/libgcc.a(subsf3.o)
 .comment       0x00000026       0x27 /usr/lib/gcc/riscv64-elf/14.1.0/rv32im/ilp32/libgcc.a(fixsfsi.o)
 .comment       0x00000026       0x27 /usr/lib/gcc/riscv64-elf/14.1.0/rv32im/ilp32/libgcc.a(floatsisf.o)
 .comment       0x00000026       0x27 /usr/lib/gcc/riscv64-elf/14.1.0/rv32im/ilp32/libgcc.a(floatunsisf.o)
 .comment       0x00000026       0x27 /usr/lib/gcc/riscv64-elf/14.1.0/rv32im/ilp32/libgcc.a(floatdisf.o)
 .comment       0x00000026       0x27 /usr/lib/gcc/riscv64-elf/14.1.0/rv32im/ilp32/libgcc.a(extendsfdf2.o)
 .comment       0x00000026       0x27 /usr/lib/gcc/riscv64-elf/14.1.0/rv32im/ilp32/libgcc.a(_lshrdi3.o)
 .comment       0x00000026       0x27 /usr/lib/gcc/riscv64-elf/14.1.0/rv32im/ilp32/libgcc.a(_ashldi3.o)
 .comment       0x00000026       0x27 /usr/lib/gcc/riscv64-elf/14.1.0/rv32im/ilp32/libgcc.a(_clz.o)
 .comment       0x00000026       0x27 /usr/lib/gcc/riscv64-elf/14.1.0/rv32im/ilp32/libgcc.a(_clzsi2.o)

.note.GNU-stack
                0x00000000        0x0
 .note.GNU-stack
                0x00000000        0x0 main.o
 .note.GNU-stack
                0x00000000        0x0 terminal.o
 .note.GNU-stack
                0x00000000        0x0 llama_embedded.o
 .note.GNU-stack
                0x00000000        0x0 gguf.o
 .note.GNU-stack
                0x00000000        0x0 libc/memory.o
 .note.GNU-stack
                0x00000000        0x0 libc/string.o
 .note.GNU-stack
                0x00000000        0x0 libc/ctype.o
 .note.GNU-stack
                0x00000000        0x0 libc/stdlib.o
 .note.GNU-stack
                0x00000000        0x0 libc/qsort.o
 .note.GNU-stack
                0x00000000        0x0 libc/math.o
 .note.GNU-stack
                0x00000000        0x0 libc/file.o
 .note.GNU-stack
                0x00000000        0x0 /usr/lib/gcc/riscv64-elf/14.1.0/rv32im/ilp32/libgcc.a(_udivdi3.o)
 .note.GNU-stack
                0x00000000        0x0 /usr/lib/gcc/riscv64-elf/14.1.0/rv32im/ilp32/libgcc.a(adddf3.o)
 .note.GNU-stack
                0x00000000        0x0 /usr/lib/gcc/riscv64-elf/14.1.0/rv32im/ilp32/libgcc.a(divdf3.o)
 .note.GNU-stack
                0x00000000        0x0 /usr/lib/gcc/riscv64-elf/14.1.0/rv32im/ilp32/libgcc.a(fixdfsi.o)
 .note.GNU-stack
                0x00000000        0x0 /usr/lib/gcc/riscv64-elf/14.1.0/rv32im/ilp32/libgcc.a(addsf3.o)
 .note.GNU-stack
                0x00000000        0x0 /usr/lib/gcc/riscv64-elf/14.1.0/rv32im/ilp32/libgcc.a(divsf3.o)
 .note.GNU-stack
                0x00000000        0x0 /usr/lib/gcc/riscv64-elf/14.1.0/rv32im/ilp32/libgcc.a(eqsf2.o)
 .note.GNU-stack
                0x00000000        0x0 /usr/lib/gcc/riscv64-elf/14.1.0/rv32im/ilp32/libgcc.a(gesf2.o)
 .note.GNU-stack
                0x00000000        0x0 /usr/lib/gcc/riscv64-elf/14.1.0/rv32im/ilp32/libgcc.a(lesf2.o)
 .note.GNU-stack
                0x00000000        0x0 /usr/lib/gcc/riscv64-elf/14.1.0/rv32im/ilp32/libgcc.a(mulsf3.o)
 .note.GNU-stack
                0x00000000        0x0 /usr/lib/gcc/riscv64-elf/14.1.0/rv32im/ilp32/libgcc.a(subsf3.o)
 .note.GNU-stack
                0x00000000        0x0 /usr/lib/gcc/riscv64-elf/14.1.0/rv32im/ilp32/libgcc.a(fixsfsi.o)
 .note.GNU-stack
                0x00000000        0x0 /usr/lib/gcc/riscv64-elf/14.1.0/rv32im/ilp32/libgcc.a(floatsisf.o)
 .note.GNU-stack
                0x00000000        0x0 /usr/lib/gcc/riscv64-elf/14.1.0/rv32im/ilp32/libgcc.a(floatunsisf.o)
 .note.GNU-stack
                0x00000000        0x0 /usr/lib/gcc/riscv64-elf/14.1.0/rv32im/ilp32/libgcc.a(floatdisf.o)
 .note.GNU-stack
                0x00000000        0x0 /usr/lib/gcc/riscv64-elf/14.1.0/rv32im/ilp32/libgcc.a(extendsfdf2.o)
 .note.GNU-stack
                0x00000000        0x0 /usr/lib/gcc/riscv64-elf/14.1.0/rv32im/ilp32/libgcc.a(_lshrdi3.o)
 .note.GNU-stack
                0x00000000        0x0 /usr/lib/gcc/riscv64-elf/14.1.0/rv32im/ilp32/libgcc.a(_ashldi3.o)
 .note.GNU-stack
                0x00000000        0x0 /usr/lib/gcc/riscv64-elf/14.1.0/rv32im/ilp32/libgcc.a(_clz.o)
 .note.GNU-stack
                0x00000000        0x0 /usr/lib/gcc/riscv64-elf/14.1.0/rv32im/ilp32/libgcc.a(_clzsi2.o)

.riscv.attributes
                0x00000000       0x2a
 .riscv.attributes
                0x00000000       0x2a main.o
 .riscv.attributes
                0x0000002a       0x2a terminal.o
 .riscv.attributes
                0x00000054       0x2a llama_embedded.o
 .riscv.attributes
                0x0000007e       0x2a gguf.o
 .riscv.attributes
                0x000000a8       0x2a libc/memory.o
 .riscv.attributes
                0x000000d2       0x2a libc/string.o
 .riscv.attributes
                0x000000fc       0x2a libc/ctype.o
 .riscv.attributes
                0x00000126       0x2a libc/stdlib.o
 .riscv.attributes
                0x00000150       0x2a libc/qsort.o
 .riscv.attributes
                0x0000017a       0x2a libc/math.o
 .riscv.attributes
                0x000001a4       0x2a libc/file.o
 .riscv.attributes
                0x000001ce       0x28 start.o
 .riscv.attributes
                0x000001f6       0x21 /usr/lib/gcc/riscv64-elf/14.1.0/rv32im/ilp32/libgcc.a(_udivdi3.o)
 .riscv.attributes
                0x00000217       0x21 /usr/lib/gcc/riscv64-elf/14.1.0/rv32im/ilp32/libgcc.a(adddf3.o)
 .riscv.attributes
                0x00000238       0x21 /usr/lib/gcc/riscv64-elf/14.1.0/rv32im/ilp32/libgcc.a(divdf3.o)
 .riscv.attributes
                0x00000259       0x21 /usr/lib/gcc/riscv64-elf/14.1.0/rv32im/ilp32/libgcc.a(fixdfsi.o)
 .riscv.attributes
                0x0000027a       0x21 /usr/lib/gcc/riscv64-elf/14.1.0/rv32im/ilp32/libgcc.a(addsf3.o)
 .riscv.attributes
                0x0000029b       0x21 /usr/lib/gcc/riscv64-elf/14.1.0/rv32im/ilp32/libgcc.a(divsf3.o)
 .riscv.attributes
                0x000002bc       0x21 /usr/lib/gcc/riscv64-elf/14.1.0/rv32im/ilp32/libgcc.a(eqsf2.o)
 .riscv.attributes
                0x000002dd       0x21 /usr/lib/gcc/riscv64-elf/14.1.0/rv32im/ilp32/libgcc.a(gesf2.o)
 .riscv.attributes
                0x000002fe       0x21 /usr/lib/gcc/riscv64-elf/14.1.0/rv32im/ilp32/libgcc.a(lesf2.o)
 .riscv.attributes
                0x0000031f       0x21 /usr/lib/gcc/riscv64-elf/14.1.0/rv32im/ilp32/libgcc.a(mulsf3.o)
 .riscv.attributes
                0x00000340       0x21 /usr/lib/gcc/riscv64-elf/14.1.0/rv32im/ilp32/libgcc.a(subsf3.o)
 .riscv.attributes
                0x00000361       0x21 /usr/lib/gcc/riscv64-elf/14.1.0/rv32im/ilp32/libgcc.a(fixsfsi.o)
 .riscv.attributes
                0x00000382       0x21 /usr/lib/gcc/riscv64-elf/14.1.0/rv32im/ilp32/libgcc.a(floatsisf.o)
 .riscv.attributes
                0x000003a3       0x21 /usr/lib/gcc/riscv64-elf/14.1.0/rv32im/ilp32/libgcc.a(floatunsisf.o)
 .riscv.attributes
                0x000003c4       0x21 /usr/lib/gcc/riscv64-elf/14.1.0/rv32im/ilp32/libgcc.a(floatdisf.o)
 .riscv.attributes
                0x000003e5       0x21 /usr/lib/gcc/riscv64-elf/14.1.0/rv32im/ilp32/libgcc.a(extendsfdf2.o)
 .riscv.attributes
                0x00000406       0x21 /usr/lib/gcc/riscv64-elf/14.1.0/rv32im/ilp32/libgcc.a(_lshrdi3.o)
 .riscv.attributes
                0x00000427       0x21 /usr/lib/gcc/riscv64-elf/14.1.0/rv32im/ilp32/libgcc.a(_ashldi3.o)
 .riscv.attributes
                0x00000448       0x21 /usr/lib/gcc/riscv64-elf/14.1.0/rv32im/ilp32/libgcc.a(_clz.o)
 .riscv.attributes
                0x00000469       0x21 /usr/lib/gcc/riscv64-elf/14.1.0/rv32im/ilp32/libgcc.a(_clzsi2.o)

.debug_info     0x00000000     0x373e
 .debug_info    0x00000000      0x776 /usr/lib/gcc/riscv64-elf/14.1.0/rv32im/ilp32/libgcc.a(_udivdi3.o)
 .debug_info    0x00000776      0x4f6 /usr/lib/gcc/riscv64-elf/14.1.0/rv32im/ilp32/libgcc.a(adddf3.o)
 .debug_info    0x00000c6c      0x683 /usr/lib/gcc/riscv64-elf/14.1.0/rv32im/ilp32/libgcc.a(divdf3.o)
 .debug_info    0x000012ef      0x1c2 /usr/lib/gcc/riscv64-elf/14.1.0/rv32im/ilp32/libgcc.a(fixdfsi.o)
 .debug_info    0x000014b1      0x2e8 /usr/lib/gcc/riscv64-elf/14.1.0/rv32im/ilp32/libgcc.a(addsf3.o)
 .debug_info    0x00001799      0x360 /usr/lib/gcc/riscv64-elf/14.1.0/rv32im/ilp32/libgcc.a(divsf3.o)
 .debug_info    0x00001af9      0x1fb /usr/lib/gcc/riscv64-elf/14.1.0/rv32im/ilp32/libgcc.a(eqsf2.o)
 .debug_info    0x00001cf4      0x1fe /usr/lib/gcc/riscv64-elf/14.1.0/rv32im/ilp32/libgcc.a(gesf2.o)
 .debug_info    0x00001ef2      0x1fe /usr/lib/gcc/riscv64-elf/14.1.0/rv32im/ilp32/libgcc.a(lesf2.o)
 .debug_info    0x000020f0      0x350 /usr/lib/gcc/riscv64-elf/14.1.0/rv32im/ilp32/libgcc.a(mulsf3.o)
 .debug_info    0x00002440      0x2e8 /usr/lib/gcc/riscv64-elf/14.1.0/rv32im/ilp32/libgcc.a(subsf3.o)
 .debug_info    0x00002728      0x1b1 /usr/lib/gcc/riscv64-elf/14.1.0/rv32im/ilp32/libgcc.a(fixsfsi.o)
 .debug_info    0x000028d9      0x213 /usr/lib/gcc/riscv64-elf/14.1.0/rv32im/ilp32/libgcc.a(floatsisf.o)
 .debug_info    0x00002aec      0x20a /usr/lib/gcc/riscv64-elf/14.1.0/rv32im/ilp32/libgcc.a(floatunsisf.o)
 .debug_info    0x00002cf6      0x244 /usr/lib/gcc/riscv64-elf/14.1.0/rv32im/ilp32/libgcc.a(floatdisf.o)
 .debug_info    0x00002f3a      0x254 /usr/lib/gcc/riscv64-elf/14.1.0/rv32im/ilp32/libgcc.a(extendsfdf2.o)
 .debug_info    0x0000318e      0x1b6 /usr/lib/gcc/riscv64-elf/14.1.0/rv32im/ilp32/libgcc.a(_lshrdi3.o)
 .debug_info    0x00003344      0x1b6 /usr/lib/gcc/riscv64-elf/14.1.0/rv32im/ilp32/libgcc.a(_ashldi3.o)
 .debug_info    0x000034fa       0xed /usr/lib/gcc/riscv64-elf/14.1.0/rv32im/ilp32/libgcc.a(_clz.o)
 .debug_info    0x000035e7      0x157 /usr/lib/gcc/riscv64-elf/14.1.0/rv32im/ilp32/libgcc.a(_clzsi2.o)

.debug_abbrev   0x00000000     0x1a03
 .debug_abbrev  0x00000000      0x1a6 /usr/lib/gcc/riscv64-elf/14.1.0/rv32im/ilp32/libgcc.a(_udivdi3.o)
 .debug_abbrev  0x000001a6      0x186 /usr/lib/gcc/riscv64-elf/14.1.0/rv32im/ilp32/libgcc.a(adddf3.o)
 .debug_abbrev  0x0000032c      0x17c /usr/lib/gcc/riscv64-elf/14.1.0/rv32im/ilp32/libgcc.a(divdf3.o)
 .debug_abbrev  0x000004a8      0x15f /usr/lib/gcc/riscv64-elf/14.1.0/rv32im/ilp32/libgcc.a(fixdfsi.o)
 .debug_abbrev  0x00000607      0x17d /usr/lib/gcc/riscv64-elf/14.1.0/rv32im/ilp32/libgcc.a(addsf3.o)
 .debug_abbrev  0x00000784      0x14c /usr/lib/gcc/riscv64-elf/14.1.0/rv32im/ilp32/libgcc.a(divsf3.o)
 .debug_abbrev  0x000008d0      0x12d /usr/lib/gcc/riscv64-elf/14.1.0/rv32im/ilp32/libgcc.a(eqsf2.o)
 .debug_abbrev  0x000009fd      0x162 /usr/lib/gcc/riscv64-elf/14.1.0/rv32im/ilp32/libgcc.a(gesf2.o)
 .debug_abbrev  0x00000b5f      0x162 /usr/lib/gcc/riscv64-elf/14.1.0/rv32im/ilp32/libgcc.a(lesf2.o)
 .debug_abbrev  0x00000cc1      0x15b /usr/lib/gcc/riscv64-elf/14.1.0/rv32im/ilp32/libgcc.a(mulsf3.o)
 .debug_abbrev  0x00000e1c      0x17d /usr/lib/gcc/riscv64-elf/14.1.0/rv32im/ilp32/libgcc.a(subsf3.o)
 .debug_abbrev  0x00000f99      0x15d /usr/lib/gcc/riscv64-elf/14.1.0/rv32im/ilp32/libgcc.a(fixsfsi.o)
 .debug_abbrev  0x000010f6      0x16d /usr/lib/gcc/riscv64-elf/14.1.0/rv32im/ilp32/libgcc.a(floatsisf.o)
 .debug_abbrev  0x00001263      0x186 /usr/lib/gcc/riscv64-elf/14.1.0/rv32im/ilp32/libgcc.a(floatunsisf.o)
 .debug_abbrev  0x000013e9      0x16d /usr/lib/gcc/riscv64-elf/14.1.0/rv32im/ilp32/libgcc.a(floatdisf.o)
 .debug_abbrev  0x00001556      0x15b /usr/lib/gcc/riscv64-elf/14.1.0/rv32im/ilp32/libgcc.a(extendsfdf2.o)
 .debug_abbrev  0x000016b1      0x10c /usr/lib/gcc/riscv64-elf/14.1.0/rv32im/ilp32/libgcc.a(_lshrdi3.o)
 .debug_abbrev  0x000017bd      0x10c /usr/lib/gcc/riscv64-elf/14.1.0/rv32im/ilp32/libgcc.a(_ashldi3.o)
 .debug_abbrev  0x000018c9       0x70 /usr/lib/gcc/riscv64-elf/14.1.0/rv32im/ilp32/libgcc.a(_clz.o)
 .debug_abbrev  0x00001939       0xca /usr/lib/gcc/riscv64-elf/14.1.0/rv32im/ilp32/libgcc.a(_clzsi2.o)

.debug_loclists
                0x00000000     0x5924
 .debug_loclists
                0x00000000      0x9e6 /usr/lib/gcc/riscv64-elf/14.1.0/rv32im/ilp32/libgcc.a(_udivdi3.o)
 .debug_loclists
                0x000009e6      0xfd0 /usr/lib/gcc/riscv64-elf/14.1.0/rv32im/ilp32/libgcc.a(adddf3.o)
 .debug_loclists
                0x000019b6      0xe75 /usr/lib/gcc/riscv64-elf/14.1.0/rv32im/ilp32/libgcc.a(divdf3.o)
 .debug_loclists
                0x0000282b      0x11c /usr/lib/gcc/riscv64-elf/14.1.0/rv32im/ilp32/libgcc.a(fixdfsi.o)
 .debug_loclists
                0x00002947      0xc42 /usr/lib/gcc/riscv64-elf/14.1.0/rv32im/ilp32/libgcc.a(addsf3.o)
 .debug_loclists
                0x00003589      0x598 /usr/lib/gcc/riscv64-elf/14.1.0/rv32im/ilp32/libgcc.a(divsf3.o)
 .debug_loclists
                0x00003b21       0x44 /usr/lib/gcc/riscv64-elf/14.1.0/rv32im/ilp32/libgcc.a(eqsf2.o)
 .debug_loclists
                0x00003b65      0x103 /usr/lib/gcc/riscv64-elf/14.1.0/rv32im/ilp32/libgcc.a(gesf2.o)
 .debug_loclists
                0x00003c68      0x103 /usr/lib/gcc/riscv64-elf/14.1.0/rv32im/ilp32/libgcc.a(lesf2.o)
 .debug_loclists
                0x00003d6b      0x4c5 /usr/lib/gcc/riscv64-elf/14.1.0/rv32im/ilp32/libgcc.a(mulsf3.o)
 .debug_loclists
                0x00004230      0xba0 /usr/lib/gcc/riscv64-elf/14.1.0/rv32im/ilp32/libgcc.a(subsf3.o)
 .debug_loclists
                0x00004dd0       0xfb /usr/lib/gcc/riscv64-elf/14.1.0/rv32im/ilp32/libgcc.a(fixsfsi.o)
 .debug_loclists
                0x00004ecb      0x251 /usr/lib/gcc/riscv64-elf/14.1.0/rv32im/ilp32/libgcc.a(floatsisf.o)
 .debug_loclists
                0x0000511c      0x206 /usr/lib/gcc/riscv64-elf/14.1.0/rv32im/ilp32/libgcc.a(floatunsisf.o)
 .debug_loclists
                0x00005322      0x25f /usr/lib/gcc/riscv64-elf/14.1.0/rv32im/ilp32/libgcc.a(floatdisf.o)
 .debug_loclists
                0x00005581      0x1db /usr/lib/gcc/riscv64-elf/14.1.0/rv32im/ilp32/libgcc.a(extendsfdf2.o)
 .debug_loclists
                0x0000575c       0xad /usr/lib/gcc/riscv64-elf/14.1.0/rv32im/ilp32/libgcc.a(_lshrdi3.o)
 .debug_loclists
                0x00005809       0xad /usr/lib/gcc/riscv64-elf/14.1.0/rv32im/ilp32/libgcc.a(_ashldi3.o)
 .debug_loclists
                0x000058b6       0x6e /usr/lib/gcc/riscv64-elf/14.1.0/rv32im/ilp32/libgcc.a(_clzsi2.o)

.debug_aranges  0x00000000      0x278
 .debug_aranges
                0x00000000       0x20 /usr/lib/gcc/riscv64-elf/14.1.0/rv32im/ilp32/libgcc.a(_udivdi3.o)
 .debug_aranges
                0x00000020       0x20 /usr/lib/gcc/riscv64-elf/14.1.0/rv32im/ilp32/libgcc.a(adddf3.o)
 .debug_aranges
                0x00000040       0x20 /usr/lib/gcc/riscv64-elf/14.1.0/rv32im/ilp32/libgcc.a(divdf3.o)
 .debug_aranges
                0x00000060       0x20 /usr/lib/gcc/riscv64-elf/14.1.0/rv32im/ilp32/libgcc.a(fixdfsi.o)
 .debug_aranges
                0x00000080       0x20 /usr/lib/gcc/riscv64-elf/14.1.0/rv32im/ilp32/libgcc.a(addsf3.o)
 .debug_aranges
                0x000000a0       0x20 /usr/lib/gcc/riscv64-elf/14.1.0/rv32im/ilp32/libgcc.a(divsf3.o)
 .debug_aranges
                0x000000c0       0x20 /usr/lib/gcc/riscv64-elf/14.1.0/rv32im/ilp32/libgcc.a(eqsf2.o)
 .debug_aranges
                0x000000e0       0x20 /usr/lib/gcc/riscv64-elf/14.1.0/rv32im/ilp32/libgcc.a(gesf2.o)
 .debug_aranges
                0x00000100       0x20 /usr/lib/gcc/riscv64-elf/14.1.0/rv32im/ilp32/libgcc.a(lesf2.o)
 .debug_aranges
                0x00000120       0x20 /usr/lib/gcc/riscv64-elf/14.1.0/rv32im/ilp32/libgcc.a(mulsf3.o)
 .debug_aranges
                0x00000140       0x20 /usr/lib/gcc/riscv64-elf/14.1.0/rv32im/ilp32/libgcc.a(subsf3.o)
 .debug_aranges
                0x00000160       0x20 /usr/lib/gcc/riscv64-elf/14.1.0/rv32im/ilp32/libgcc.a(fixsfsi.o)
 .debug_aranges
                0x00000180       0x20 /usr/lib/gcc/riscv64-elf/14.1.0/rv32im/ilp32/libgcc.a(floatsisf.o)
 .debug_aranges
                0x000001a0       0x20 /usr/lib/gcc/riscv64-elf/14.1.0/rv32im/ilp32/libgcc.a(floatunsisf.o)
 .debug_aranges
                0x000001c0       0x20 /usr/lib/gcc/riscv64-elf/14.1.0/rv32im/ilp32/libgcc.a(floatdisf.o)
 .debug_aranges
                0x000001e0       0x20 /usr/lib/gcc/riscv64-elf/14.1.0/rv32im/ilp32/libgcc.a(extendsfdf2.o)
 .debug_aranges
                0x00000200       0x20 /usr/lib/gcc/riscv64-elf/14.1.0/rv32im/ilp32/libgcc.a(_lshrdi3.o)
 .debug_aranges
                0x00000220       0x20 /usr/lib/gcc/riscv64-elf/14.1.0/rv32im/ilp32/libgcc.a(_ashldi3.o)
 .debug_aranges
                0x00000240       0x18 /usr/lib/gcc/riscv64-elf/14.1.0/rv32im/ilp32/libgcc.a(_clz.o)
 .debug_aranges
                0x00000258       0x20 /usr/lib/gcc/riscv64-elf/14.1.0/rv32im/ilp32/libgcc.a(_clzsi2.o)

.debug_rnglists
                0x00000000      0xc78
 .debug_rnglists
                0x00000000      0x109 /usr/lib/gcc/riscv64-elf/14.1.0/rv32im/ilp32/libgcc.a(_udivdi3.o)
 .debug_rnglists
                0x00000109      0x1d1 /usr/lib/gcc/riscv64-elf/14.1.0/rv32im/ilp32/libgcc.a(adddf3.o)
 .debug_rnglists
                0x000002da      0x181 /usr/lib/gcc/riscv64-elf/14.1.0/rv32im/ilp32/libgcc.a(divdf3.o)
 .debug_rnglists
                0x0000045b       0x29 /usr/lib/gcc/riscv64-elf/14.1.0/rv32im/ilp32/libgcc.a(fixdfsi.o)
 .debug_rnglists
                0x00000484      0x19f /usr/lib/gcc/riscv64-elf/14.1.0/rv32im/ilp32/libgcc.a(addsf3.o)
 .debug_rnglists
                0x00000623       0xc8 /usr/lib/gcc/riscv64-elf/14.1.0/rv32im/ilp32/libgcc.a(divsf3.o)
 .debug_rnglists
                0x000006eb       0x45 /usr/lib/gcc/riscv64-elf/14.1.0/rv32im/ilp32/libgcc.a(eqsf2.o)
 .debug_rnglists
                0x00000730       0x3c /usr/lib/gcc/riscv64-elf/14.1.0/rv32im/ilp32/libgcc.a(gesf2.o)
 .debug_rnglists
                0x0000076c       0x3c /usr/lib/gcc/riscv64-elf/14.1.0/rv32im/ilp32/libgcc.a(lesf2.o)
 .debug_rnglists
                0x000007a8       0xbf /usr/lib/gcc/riscv64-elf/14.1.0/rv32im/ilp32/libgcc.a(mulsf3.o)
 .debug_rnglists
                0x00000867      0x196 /usr/lib/gcc/riscv64-elf/14.1.0/rv32im/ilp32/libgcc.a(subsf3.o)
 .debug_rnglists
                0x000009fd       0x29 /usr/lib/gcc/riscv64-elf/14.1.0/rv32im/ilp32/libgcc.a(fixsfsi.o)
 .debug_rnglists
                0x00000a26       0x99 /usr/lib/gcc/riscv64-elf/14.1.0/rv32im/ilp32/libgcc.a(floatsisf.o)
 .debug_rnglists
                0x00000abf       0x74 /usr/lib/gcc/riscv64-elf/14.1.0/rv32im/ilp32/libgcc.a(floatunsisf.o)
 .debug_rnglists
                0x00000b33       0xa2 /usr/lib/gcc/riscv64-elf/14.1.0/rv32im/ilp32/libgcc.a(floatdisf.o)
 .debug_rnglists
                0x00000bd5       0x45 /usr/lib/gcc/riscv64-elf/14.1.0/rv32im/ilp32/libgcc.a(extendsfdf2.o)
 .debug_rnglists
                0x00000c1a       0x16 /usr/lib/gcc/riscv64-elf/14.1.0/rv32im/ilp32/libgcc.a(_lshrdi3.o)
 .debug_rnglists
                0x00000c30       0x16 /usr/lib/gcc/riscv64-elf/14.1.0/rv32im/ilp32/libgcc.a(_ashldi3.o)
 .debug_rnglists
                0x00000c46       0x32 /usr/lib/gcc/riscv64-elf/14.1.0/rv32im/ilp32/libgcc.a(_clzsi2.o)

.debug_line     0x00000000     0x7744
 .debug_line    0x00000000      0x97b /usr/lib/gcc/riscv64-elf/14.1.0/rv32im/ilp32/libgcc.a(_udivdi3.o)
 .debug_line    0x0000097b     0x1377 /usr/lib/gcc/riscv64-elf/14.1.0/rv32im/ilp32/libgcc.a(adddf3.o)
 .debug_line    0x00001cf2     0x110e /usr/lib/gcc/riscv64-elf/14.1.0/rv32im/ilp32/libgcc.a(divdf3.o)
 .debug_line    0x00002e00      0x1df /usr/lib/gcc/riscv64-elf/14.1.0/rv32im/ilp32/libgcc.a(fixdfsi.o)
 .debug_line    0x00002fdf      0xd4c /usr/lib/gcc/riscv64-elf/14.1.0/rv32im/ilp32/libgcc.a(addsf3.o)
 .debug_line    0x00003d2b      0x8cd /usr/lib/gcc/riscv64-elf/14.1.0/rv32im/ilp32/libgcc.a(divsf3.o)
 .debug_line    0x000045f8      0x22f /usr/lib/gcc/riscv64-elf/14.1.0/rv32im/ilp32/libgcc.a(eqsf2.o)
 .debug_line    0x00004827      0x2cb /usr/lib/gcc/riscv64-elf/14.1.0/rv32im/ilp32/libgcc.a(gesf2.o)
 .debug_line    0x00004af2      0x2cb /usr/lib/gcc/riscv64-elf/14.1.0/rv32im/ilp32/libgcc.a(lesf2.o)
 .debug_line    0x00004dbd      0x810 /usr/lib/gcc/riscv64-elf/14.1.0/rv32im/ilp32/libgcc.a(mulsf3.o)
 .debug_line    0x000055cd      0xd87 /usr/lib/gcc/riscv64-elf/14.1.0/rv32im/ilp32/libgcc.a(subsf3.o)
 .debug_line    0x00006354      0x211 /usr/lib/gcc/riscv64-elf/14.1.0/rv32im/ilp32/libgcc.a(fixsfsi.o)
 .debug_line    0x00006565      0x37a /usr/lib/gcc/riscv64-elf/14.1.0/rv32im/ilp32/libgcc.a(floatsisf.o)
 .debug_line    0x000068df      0x34c /usr/lib/gcc/riscv64-elf/14.1.0/rv32im/ilp32/libgcc.a(floatunsisf.o)
 .debug_line    0x00006c2b      0x44e /usr/lib/gcc/riscv64-elf/14.1.0/rv32im/ilp32/libgcc.a(floatdisf.o)
 .debug_line    0x00007079      0x3a3 /usr/lib/gcc/riscv64-elf/14.1.0/rv32im/ilp32/libgcc.a(extendsfdf2.o)
 .debug_line    0x0000741c      0x107 /usr/lib/gcc/riscv64-elf/14.1.0/rv32im/ilp32/libgcc.a(_lshrdi3.o)
 .debug_line    0x00007523      0x107 /usr/lib/gcc/riscv64-elf/14.1.0/rv32im/ilp32/libgcc.a(_ashldi3.o)
 .debug_line    0x0000762a       0x3f /usr/lib/gcc/riscv64-elf/14.1.0/rv32im/ilp32/libgcc.a(_clz.o)
 .debug_line    0x00007669       0xdb /usr/lib/gcc/riscv64-elf/14.1.0/rv32im/ilp32/libgcc.a(_clzsi2.o)

.debug_str      0x00000000      0x7f5
 .debug_str     0x00000000      0x7f5 /usr/lib/gcc/riscv64-elf/14.1.0/rv32im/ilp32/libgcc.a(_udivdi3.o)
                                0x269 (size before relaxing)
 .debug_str     0x000007f5      0x2a3 /usr/lib/gcc/riscv64-elf/14.1.0/rv32im/ilp32/libgcc.a(adddf3.o)
 .debug_str     0x000007f5      0x365 /usr/lib/gcc/riscv64-elf/14.1.0/rv32im/ilp32/libgcc.a(divdf3.o)
 .debug_str     0x000007f5      0x1b0 /usr/lib/gcc/riscv64-elf/14.1.0/rv32im/ilp32/libgcc.a(fixdfsi.o)
 .debug_str     0x000007f5      0x266 /usr/lib/gcc/riscv64-elf/14.1.0/rv32im/ilp32/libgcc.a(addsf3.o)
 .debug_str     0x000007f5      0x2d0 /usr/lib/gcc/riscv64-elf/14.1.0/rv32im/ilp32/libgcc.a(divsf3.o)
 .debug_str     0x000007f5      0x199 /usr/lib/gcc/riscv64-elf/14.1.0/rv32im/ilp32/libgcc.a(eqsf2.o)
 .debug_str     0x000007f5      0x1bd /usr/lib/gcc/riscv64-elf/14.1.0/rv32im/ilp32/libgcc.a(gesf2.o)
 .debug_str     0x000007f5      0x1bd /usr/lib/gcc/riscv64-elf/14.1.0/rv32im/ilp32/libgcc.a(lesf2.o)
 .debug_str     0x000007f5      0x28b /usr/lib/gcc/riscv64-elf/14.1.0/rv32im/ilp32/libgcc.a(mulsf3.o)
 .debug_str     0x000007f5      0x266 /usr/lib/gcc/riscv64-elf/14.1.0/rv32im/ilp32/libgcc.a(subsf3.o)
 .debug_str     0x000007f5      0x19e /usr/lib/gcc/riscv64-elf/14.1.0/rv32im/ilp32/libgcc.a(fixsfsi.o)
 .debug_str     0x000007f5      0x22e /usr/lib/gcc/riscv64-elf/14.1.0/rv32im/ilp32/libgcc.a(floatsisf.o)
 .debug_str     0x000007f5      0x229 /usr/lib/gcc/riscv64-elf/14.1.0/rv32im/ilp32/libgcc.a(floatunsisf.o)
 .debug_str     0x000007f5      0x242 /usr/lib/gcc/riscv64-elf/14.1.0/rv32im/ilp32/libgcc.a(floatdisf.o)
 .debug_str     0x000007f5      0x1d9 /usr/lib/gcc/riscv64-elf/14.1.0/rv32im/ilp32/libgcc.a(extendsfdf2.o)
 .debug_str     0x000007f5      0x1f3 /usr/lib/gcc/riscv64-elf/14.1.0/rv32im/ilp32/libgcc.a(_lshrdi3.o)
 .debug_str     0x000007f5      0x1f3 /usr/lib/gcc/riscv64-elf/14.1.0/rv32im/ilp32/libgcc.a(_ashldi3.o)
 .debug_str     0x000007f5      0x1b6 /usr/lib/gcc/riscv64-elf/14.1.0/rv32im/ilp32/libgcc.a(_clz.o)
 .debug_str     0x000007f5      0x1d3 /usr/lib/gcc/riscv64-elf/14.1.0/rv32im/ilp32/libgcc.a(_clzsi2.o)

.debug_line_str
                0x00000000      0x4c5
 .debug_line_str
                0x00000000      0x4c5 /usr/lib/gcc/riscv64-elf/14.1.0/rv32im/ilp32/libgcc.a(_udivdi3.o)
                                0x10c (size before relaxing)
 .debug_line_str
                0x000004c5      0x118 /usr/lib/gcc/riscv64-elf/14.1.0/rv32im/ilp32/libgcc.a(adddf3.o)
 .debug_line_str
                0x000004c5      0x122 /usr/lib/gcc/riscv64-elf/14.1.0/rv32im/ilp32/libgcc.a(divdf3.o)
 .debug_line_str
                0x000004c5      0x125 /usr/lib/gcc/riscv64-elf/14.1.0/rv32im/ilp32/libgcc.a(fixdfsi.o)
 .debug_line_str
                0x000004c5      0x118 /usr/lib/gcc/riscv64-elf/14.1.0/rv32im/ilp32/libgcc.a(addsf3.o)
 .debug_line_str
                0x000004c5      0x118 /usr/lib/gcc/riscv64-elf/14.1.0/rv32im/ilp32/libgcc.a(divsf3.o)
 .debug_line_str
                0x000004c5      0x125 /usr/lib/gcc/riscv64-elf/14.1.0/rv32im/ilp32/libgcc.a(eqsf2.o)
 .debug_line_str
                0x000004c5      0x125 /usr/lib/gcc/riscv64-elf/14.1.0/rv32im/ilp32/libgcc.a(gesf2.o)
 .debug_line_str
                0x000004c5      0x125 /usr/lib/gcc/riscv64-elf/14.1.0/rv32im/ilp32/libgcc.a(lesf2.o)
 .debug_line_str
                0x000004c5      0x122 /usr/lib/gcc/riscv64-elf/14.1.0/rv32im/ilp32/libgcc.a(mulsf3.o)
 .debug_line_str
                0x000004c5      0x118 /usr/lib/gcc/riscv64-elf/14.1.0/rv32im/ilp32/libgcc.a(subsf3.o)
 .debug_line_str
                0x000004c5      0x125 /usr/lib/gcc/riscv64-elf/14.1.0/rv32im/ilp32/libgcc.a(fixsfsi.o)
 .debug_line_str
                0x000004c5      0x12b /usr/lib/gcc/riscv64-elf/14.1.0/rv32im/ilp32/libgcc.a(floatsisf.o)
 .debug_line_str
                0x000004c5      0x131 /usr/lib/gcc/riscv64-elf/14.1.0/rv32im/ilp32/libgcc.a(floatunsisf.o)
 .debug_line_str
                0x000004c5      0x12b /usr/lib/gcc/riscv64-elf/14.1.0/rv32im/ilp32/libgcc.a(floatdisf.o)
 .debug_line_str
                0x000004c5      0x130 /usr/lib/gcc/riscv64-elf/14.1.0/rv32im/ilp32/libgcc.a(extendsfdf2.o)
 .debug_line_str
                0x000004c5      0x10c /usr/lib/gcc/riscv64-elf/14.1.0/rv32im/ilp32/libgcc.a(_lshrdi3.o)
 .debug_line_str
                0x000004c5      0x10c /usr/lib/gcc/riscv64-elf/14.1.0/rv32im/ilp32/libgcc.a(_ashldi3.o)
 .debug_line_str
                0x000004c5      0x10c /usr/lib/gcc/riscv64-elf/14.1.0/rv32im/ilp32/libgcc.a(_clz.o)
 .debug_line_str
                0x000004c5      0x10c /usr/lib/gcc/riscv64-elf/14.1.0/rv32im/ilp32/libgcc.a(_clzsi2.o)

.debug_frame    0x00000000      0x3b4
 .debug_frame   0x00000000       0x4c /usr/lib/gcc/riscv64-elf/14.1.0/rv32im/ilp32/libgcc.a(adddf3.o)
 .debug_frame   0x0000004c       0x5c /usr/lib/gcc/riscv64-elf/14.1.0/rv32im/ilp32/libgcc.a(divdf3.o)
 .debug_frame   0x000000a8       0x20 /usr/lib/gcc/riscv64-elf/14.1.0/rv32im/ilp32/libgcc.a(fixdfsi.o)
 .debug_frame   0x000000c8       0x40 /usr/lib/gcc/riscv64-elf/14.1.0/rv32im/ilp32/libgcc.a(addsf3.o)
 .debug_frame   0x00000108       0x4c /usr/lib/gcc/riscv64-elf/14.1.0/rv32im/ilp32/libgcc.a(divsf3.o)
 .debug_frame   0x00000154       0x20 /usr/lib/gcc/riscv64-elf/14.1.0/rv32im/ilp32/libgcc.a(eqsf2.o)
 .debug_frame   0x00000174       0x20 /usr/lib/gcc/riscv64-elf/14.1.0/rv32im/ilp32/libgcc.a(gesf2.o)
 .debug_frame   0x00000194       0x20 /usr/lib/gcc/riscv64-elf/14.1.0/rv32im/ilp32/libgcc.a(lesf2.o)
 .debug_frame   0x000001b4       0x4c /usr/lib/gcc/riscv64-elf/14.1.0/rv32im/ilp32/libgcc.a(mulsf3.o)
 .debug_frame   0x00000200       0x40 /usr/lib/gcc/riscv64-elf/14.1.0/rv32im/ilp32/libgcc.a(subsf3.o)
 .debug_frame   0x00000240       0x20 /usr/lib/gcc/riscv64-elf/14.1.0/rv32im/ilp32/libgcc.a(fixsfsi.o)
 .debug_frame   0x00000260       0x38 /usr/lib/gcc/riscv64-elf/14.1.0/rv32im/ilp32/libgcc.a(floatsisf.o)
 .debug_frame   0x00000298       0x34 /usr/lib/gcc/riscv64-elf/14.1.0/rv32im/ilp32/libgcc.a(floatunsisf.o)
 .debug_frame   0x000002cc       0x48 /usr/lib/gcc/riscv64-elf/14.1.0/rv32im/ilp32/libgcc.a(floatdisf.o)
 .debug_frame   0x00000314       0x40 /usr/lib/gcc/riscv64-elf/14.1.0/rv32im/ilp32/libgcc.a(extendsfdf2.o)
 .debug_frame   0x00000354       0x20 /usr/lib/gcc/riscv64-elf/14.1.0/rv32im/ilp32/libgcc.a(_lshrdi3.o)
 .debug_frame   0x00000374       0x20 /usr/lib/gcc/riscv64-elf/14.1.0/rv32im/ilp32/libgcc.a(_ashldi3.o)
 .debug_frame   0x00000394       0x20 /usr/lib/gcc/riscv64-elf/14.1.0/rv32im/ilp32/libgcc.a(_clzsi2.o)
